<ul class="nav"><li class="active"><span>child3: List All</span></li><li><span>child3: Create</span></li></ul>