<ul class="nav"><li><a class="child1-class" href="http://www.child1.com">child1</a></li><li><a href="/test/index">child2Label</a><ul><li><a href="/test/list">List All</a></li><li><a href="/test/create">Create</a></li></ul></li><li class="myActiveClass"><span>child3Label</span><ul><li class="myActiveClass"><span>child3: List All</span></li><li><span>child3: Create</span></li></ul></li></ul>