<ul class="nav"><li><a class="child1-class" href="http://www.child1.com">child1</a></li><li><a href="/test/index">child2Label</a></li><li class="active"><span>child3Label</span></li></ul>